Initialised rageshake. init.js:1:1201597
To fix line numbers in Chrome: Meatball menu → Settings → Ignore list → Add /rageshake\.ts & /logger\.ts$ init.js:1:1201597
Using Web platform init.js:1:1201597
Uncaught (in promise) ReferenceError: can't access lexical declaration 'B' before initialization
    J https://element-qualif.ems.rancher.kosmos.fr/bundles/27426b94a9c9477c6183/init.js:1
    start https://element-qualif.ems.rancher.kosmos.fr/bundles/27426b94a9c9477c6183/init.js:1
    get instance https://element-qualif.ems.rancher.kosmos.fr/bundles/27426b94a9c9477c6183/init.js:1
    ts https://element-qualif.ems.rancher.kosmos.fr/bundles/27426b94a9c9477c6183/init.js:1
    a https://element-qualif.ems.rancher.kosmos.fr/bundles/27426b94a9c9477c6183/bundle.js:2
    ts https://element-qualif.ems.rancher.kosmos.fr/bundles/27426b94a9c9477c6183/init.js:1
    a https://element-qualif.ems.rancher.kosmos.fr/bundles/27426b94a9c9477c6183/bundle.js:2
    ts https://element-qualif.ems.rancher.kosmos.fr/bundles/27426b94a9c9477c6183/init.js:1
    a https://element-qualif.ems.rancher.kosmos.fr/bundles/27426b94a9c9477c6183/bundle.js:2
    ts https://element-qualif.ems.rancher.kosmos.fr/bundles/27426b94a9c9477c6183/init.js:1
    a https://element-qualif.ems.rancher.kosmos.fr/bundles/27426b94a9c9477c6183/bundle.js:2
    ts https://element-qualif.ems.rancher.kosmos.fr/bundles/27426b94a9c9477c6183/init.js:1
    a https://element-qualif.ems.rancher.kosmos.fr/bundles/27426b94a9c9477c6183/bundle.js:2
    ts https://element-qualif.ems.rancher.kosmos.fr/bundles/27426b94a9c9477c6183/init.js:1
    a https://element-qualif.ems.rancher.kosmos.fr/bundles/27426b94a9c9477c6183/bundle.js:2
    ts https://element-qualif.ems.rancher.kosmos.fr/bundles/27426b94a9c9477c6183/init.js:1
    a https://element-qualif.ems.rancher.kosmos.fr/bundles/27426b94a9c9477c6183/bundle.js:2
    ts https://element-qualif.ems.rancher.kosmos.fr/bundles/27426b94a9c9477c6183/init.js:1
    a https://element-qualif.ems.rancher.kosmos.fr/bundles/27426b94a9c9477c6183/bundle.js:2
    tsx https://element-qualif.ems.rancher.kosmos.fr/bundles/27426b94a9c9477c6183/init.js:1
    a https://element-qualif.ems.rancher.kosmos.fr/bundles/27426b94a9c9477c6183/bundle.js:2
    ts https://element-qualif.ems.rancher.kosmos.fr/bundles/27426b94a9c9477c6183/init.js:1
    a https://element-qualif.ems.rancher.kosmos.fr/bundles/27426b94a9c9477c6183/bundle.js:2
    tsx https://element-qualif.ems.rancher.kosmos.fr/bundles/27426b94a9c9477c6183/init.js:1
    a https://element-qualif.ems.rancher.kosmos.fr/bundles/27426b94a9c9477c6183/bundle.js:2
    tsx https://element-qualif.ems.rancher.kosmos.fr/bundles/27426b94a9c9477c6183/init.js:1
    a https://element-qualif.ems.rancher.kosmos.fr/bundles/27426b94a9c9477c6183/bundle.js:2
init.js:1:62980
Uncaught (in promise) ReferenceError: can't access lexical declaration 'B' before initialization
    J https://element-qualif.ems.rancher.kosmos.fr/bundles/27426b94a9c9477c6183/init.js:1
    start https://element-qualif.ems.rancher.kosmos.fr/bundles/27426b94a9c9477c6183/init.js:1
    start https://element-qualif.ems.rancher.kosmos.fr/bundles/27426b94a9c9477c6183/init.js:1
    ts https://element-qualif.ems.rancher.kosmos.fr/bundles/27426b94a9c9477c6183/init.js:1
    ts https://element-qualif.ems.rancher.kosmos.fr/bundles/27426b94a9c9477c6183/init.js:1
    a https://element-qualif.ems.rancher.kosmos.fr/bundles/27426b94a9c9477c6183/bundle.js:2
    ts https://element-qualif.ems.rancher.kosmos.fr/bundles/27426b94a9c9477c6183/init.js:1
    a https://element-qualif.ems.rancher.kosmos.fr/bundles/27426b94a9c9477c6183/bundle.js:2
    ts https://element-qualif.ems.rancher.kosmos.fr/bundles/27426b94a9c9477c6183/init.js:1
    a https://element-qualif.ems.rancher.kosmos.fr/bundles/27426b94a9c9477c6183/bundle.js:2
    ts https://element-qualif.ems.rancher.kosmos.fr/bundles/27426b94a9c9477c6183/init.js:1
    a https://element-qualif.ems.rancher.kosmos.fr/bundles/27426b94a9c9477c6183/bundle.js:2
    ts https://element-qualif.ems.rancher.kosmos.fr/bundles/27426b94a9c9477c6183/init.js:1
    a https://element-qualif.ems.rancher.kosmos.fr/bundles/27426b94a9c9477c6183/bundle.js:2
    ts https://element-qualif.ems.rancher.kosmos.fr/bundles/27426b94a9c9477c6183/init.js:1
    a https://element-qualif.ems.rancher.kosmos.fr/bundles/27426b94a9c9477c6183/bundle.js:2
    ts https://element-qualif.ems.rancher.kosmos.fr/bundles/27426b94a9c9477c6183/init.js:1
    a https://element-qualif.ems.rancher.kosmos.fr/bundles/27426b94a9c9477c6183/bundle.js:2
    tsx https://element-qualif.ems.rancher.kosmos.fr/bundles/27426b94a9c9477c6183/init.js:1
    a https://element-qualif.ems.rancher.kosmos.fr/bundles/27426b94a9c9477c6183/bundle.js:2
    ts https://element-qualif.ems.rancher.kosmos.fr/bundles/27426b94a9c9477c6183/init.js:1
    a https://element-qualif.ems.rancher.kosmos.fr/bundles/27426b94a9c9477c6183/bundle.js:2
    tsx https://element-qualif.ems.rancher.kosmos.fr/bundles/27426b94a9c9477c6183/init.js:1
    a https://element-qualif.ems.rancher.kosmos.fr/bundles/27426b94a9c9477c6183/bundle.js:2
    tsx https://element-qualif.ems.rancher.kosmos.fr/bundles/27426b94a9c9477c6183/init.js:1
    a https://element-qualif.ems.rancher.kosmos.fr/bundles/27426b94a9c9477c6183/bundle.js:2
init.js:1:62980
Uncaught (in promise) ReferenceError: can't access lexical declaration 'B' before initialization
    J https://element-qualif.ems.rancher.kosmos.fr/bundles/27426b94a9c9477c6183/init.js:1
    start https://element-qualif.ems.rancher.kosmos.fr/bundles/27426b94a9c9477c6183/init.js:1
    start https://element-qualif.ems.rancher.kosmos.fr/bundles/27426b94a9c9477c6183/init.js:1
    ts https://element-qualif.ems.rancher.kosmos.fr/bundles/27426b94a9c9477c6183/init.js:1
    ts https://element-qualif.ems.rancher.kosmos.fr/bundles/27426b94a9c9477c6183/init.js:1
    a https://element-qualif.ems.rancher.kosmos.fr/bundles/27426b94a9c9477c6183/bundle.js:2
    ts https://element-qualif.ems.rancher.kosmos.fr/bundles/27426b94a9c9477c6183/init.js:1
    a https://element-qualif.ems.rancher.kosmos.fr/bundles/27426b94a9c9477c6183/bundle.js:2
    ts https://element-qualif.ems.rancher.kosmos.fr/bundles/27426b94a9c9477c6183/init.js:1
    a https://element-qualif.ems.rancher.kosmos.fr/bundles/27426b94a9c9477c6183/bundle.js:2
    ts https://element-qualif.ems.rancher.kosmos.fr/bundles/27426b94a9c9477c6183/init.js:1
    a https://element-qualif.ems.rancher.kosmos.fr/bundles/27426b94a9c9477c6183/bundle.js:2
    ts https://element-qualif.ems.rancher.kosmos.fr/bundles/27426b94a9c9477c6183/init.js:1
    a https://element-qualif.ems.rancher.kosmos.fr/bundles/27426b94a9c9477c6183/bundle.js:2
    tsx https://element-qualif.ems.rancher.kosmos.fr/bundles/27426b94a9c9477c6183/init.js:1
    a https://element-qualif.ems.rancher.kosmos.fr/bundles/27426b94a9c9477c6183/bundle.js:2
    ts https://element-qualif.ems.rancher.kosmos.fr/bundles/27426b94a9c9477c6183/init.js:1
    a https://element-qualif.ems.rancher.kosmos.fr/bundles/27426b94a9c9477c6183/bundle.js:2
    tsx https://element-qualif.ems.rancher.kosmos.fr/bundles/27426b94a9c9477c6183/init.js:1
    a https://element-qualif.ems.rancher.kosmos.fr/bundles/27426b94a9c9477c6183/bundle.js:2
    tsx https://element-qualif.ems.rancher.kosmos.fr/bundles/27426b94a9c9477c6183/init.js:1
    a https://element-qualif.ems.rancher.kosmos.fr/bundles/27426b94a9c9477c6183/bundle.js:2
init.js:1:62980
No bug report endpoint set - logs will not be persisted init.js:1:1201597
returning explicit theme: la-bulle-light 2 init.js:1:1201597
set language to fr init.js:1:1201597
error { target: link, isTrusted: true, srcElement: link, eventPhase: 0, bubbles: false, cancelable: false, returnValue: true, defaultPrevented: false, composed: false, timeStamp: 1739, … }
init.js:1:1201597
Échec du chargement pour l’élément <script> dont la source est « https://element-qualif.ems.rancher.kosmos.fr/bundles/27426b94a9c9477c6183/8474.js ». element-qualif.ems.rancher.kosmos.fr:1:1
Échec du chargement pour l’élément <script> dont la source est « https://element-qualif.ems.rancher.kosmos.fr/bundles/27426b94a9c9477c6183/8474.js?1785318943569 ». element-qualif.ems.rancher.kosmos.fr:1:1
Échec du chargement pour l’élément <script> dont la source est « https://element-qualif.ems.rancher.kosmos.fr/bundles/27426b94a9c9477c6183/8474.js?1785318944305 ». element-qualif.ems.rancher.kosmos.fr:1:1
Échec du chargement pour l’élément <script> dont la source est « https://element-qualif.ems.rancher.kosmos.fr/bundles/27426b94a9c9477c6183/8474.js?1785318944887 ». element-qualif.ems.rancher.kosmos.fr:1:1
ChunkLoadError: Loading chunk 8474 failed after 3 retries.
(bundles/27426b94a9c9477c6183/8474.js)
    j https://element-qualif.ems.rancher.kosmos.fr/bundles/27426b94a9c9477c6183/bundle.js:2
    e https://element-qualif.ems.rancher.kosmos.fr/bundles/27426b94a9c9477c6183/bundle.js:2
    e https://element-qualif.ems.rancher.kosmos.fr/bundles/27426b94a9c9477c6183/bundle.js:2
    e https://element-qualif.ems.rancher.kosmos.fr/bundles/27426b94a9c9477c6183/bundle.js:2
    e https://element-qualif.ems.rancher.kosmos.fr/bundles/27426b94a9c9477c6183/bundle.js:2
init.js:1:1201597
ChunkLoadError: Loading chunk 8474 failed after 3 retries.
(bundles/27426b94a9c9477c6183/8474.js)
    j https://element-qualif.ems.rancher.kosmos.fr/bundles/27426b94a9c9477c6183/bundle.js:2
    e https://element-qualif.ems.rancher.kosmos.fr/bundles/27426b94a9c9477c6183/bundle.js:2
    e https://element-qualif.ems.rancher.kosmos.fr/bundles/27426b94a9c9477c6183/bundle.js:2
    e https://element-qualif.ems.rancher.kosmos.fr/bundles/27426b94a9c9477c6183/bundle.js:2
    e https://element-qualif.ems.rancher.kosmos.fr/bundles/27426b94a9c9477c6183/bundle.js:2
init.js:1:1201597
Échec du chargement pour l’élément <script> dont la source est « https://element-qualif.ems.rancher.kosmos.fr/bundles/27426b94a9c9477c6183/error-view.js ». element-qualif.ems.rancher.kosmos.fr:1:1
Échec du chargement pour l’élément <script> dont la source est « https://element-qualif.ems.rancher.kosmos.fr/bundles/27426b94a9c9477c6183/error-view.js?1785318945655 ». element-qualif.ems.rancher.kosmos.fr:1:1
Échec du chargement pour l’élément <script> dont la source est « https://element-qualif.ems.rancher.kosmos.fr/bundles/27426b94a9c9477c6183/error-view.js?1785318946225 ». element-qualif.ems.rancher.kosmos.fr:1:1
ChunkLoadError: Loading chunk 5607 failed after 3 retries.
(bundles/27426b94a9c9477c6183/error-view.js)
    onload https://element-qualif.ems.rancher.kosmos.fr/bundles/27426b94a9c9477c6183/bundle.js:2
init.js:1:1201597
    t https://element-qualif.ems.rancher.kosmos.fr/bundles/27426b94a9c9477c6183/init.js:1
    <anonyme> https://element-qualif.ems.rancher.kosmos.fr/bundles/27426b94a9c9477c6183/bundle.js:2
    <anonyme> https://element-qualif.ems.rancher.kosmos.fr/bundles/27426b94a9c9477c6183/bundle.js:2
Échec du chargement pour l’élément <script> dont la source est « https://element-qualif.ems.rancher.kosmos.fr/bundles/27426b94a9c9477c6183/error-view.js?1785318946872 ». element-qualif.ems.rancher.kosmos.fr:1:1
La mise en page a été forcée avant le chargement complet de la page. Si les feuilles de style ne sont pas encore chargées, cela peut provoquer un flash de contenu non stylisé. unable-to-load.html
Cette page est en mode de compatibilité (quirks). La mise en page peut en être affectée. Pour le mode standard, utilisez « <!DOCTYPE html> ». unable-to-load.html
La ressource à l’adresse « https://element-qualif.ems.rancher.kosmos.fr/bundles/27426b94a9c9477c6183/6497.js » préchargée avec le préchargement de lien n’a pas été utilisée après quelques secondes. Assurez-vous que tous les attributs de la balise de préchargement sont définis correctement. element-qualif.ems.rancher.kosmos.fr
La ressource à l’adresse « https://element-qualif.ems.rancher.kosmos.fr/bundles/27426b94a9c9477c6183/3912.js » préchargée avec le préchargement de lien n’a pas été utilisée après quelques secondes. Assurez-vous que tous les attributs de la balise de préchargement sont définis correctement. element-qualif.ems.rancher.kosmos.fr
La ressource à l’adresse « https://element-qualif.ems.rancher.kosmos.fr/bundles/27426b94a9c9477c6183/5105.js » préchargée avec le préchargement de lien n’a pas été utilisée après quelques secondes. Assurez-vous que tous les attributs de la balise de préchargement sont définis correctement. element-qualif.ems.rancher.kosmos.fr
La ressource à l’adresse « https://element-qualif.ems.rancher.kosmos.fr/bundles/27426b94a9c9477c6183/8534.js » préchargée avec le préchargement de lien n’a pas été utilisée après quelques secondes. Assurez-vous que tous les attributs de la balise de préchargement sont définis correctement. element-qualif.ems.rancher.kosmos.fr
La ressource à l’adresse « https://element-qualif.ems.rancher.kosmos.fr/bundles/27426b94a9c9477c6183/element-web-app.js » préchargée avec le préchargement de lien n’a pas été utilisée après quelques secondes. Assurez-vous que tous les attributs de la balise de préchargement sont définis correctement. element-qualif.ems.rancher.kosmos.fr
